data/runs/af273b6f-0127-4c18-add2-0b7c63698270/panel.csv
t,firm_id,price,cost,quantity,profit
0,1,2.4,1.0,2624.8959373947,3674.8543123525797
1,1,2.6,0.8048964811346163,1697.96443320775,3048.021928959499
2,1,2.6,0.8928362786208992,1741.8413785317157,2973.608409826307
3,1,2.6,0.9297113570291491,1687.8259468578233,2819.1565103481453
4,1,2.6,1.0519654908965521,1679.1980432990028,2599.456518645842
5,1,2.6,1.093238752056151,1703.306165220811,2566.475723138561
6,1,2.6,1.1548366943137007,1767.2593513989218,2553.9783662726913
7,1,2.6,1.229162111434045,2279.6450656031357,3125.0238284112006
8,1,2.6,1.3163049892288639,2293.5179083913226,2944.1774961161927
9,1,2.6,1.1705894072432972,2273.688259721254,3250.034083072114
10,1,2.6,1.0840062956739729,2333.8297767674067,3538.0712485480058
11,1,2.6,1.1551289536532583,2383.2535908479867,3443.4941095181603
12,1,2.6,1.0275603213194662,2312.6898446073506,3636.565276142116
13,1,2.6,0.9848350566858127,2322.5458267311956,3751.294598576894
14,1,2.6,0.9485296720293055,2298.8242069781577,3796.43996704519
15,1,2.6,0.9966043379198963,2326.575463260977,3730.4210052946582
16,1,2.6,0.8278708945240933,1758.792508488079,3116.8073947847056
17,1,2.6,0.7900546391201544,1833.5500916839462,3318.625482384174
18,1,2.6,0.6950524336290963,1813.9112024959006,3455.4057308074857
19,1,2.6,0.6356374380594169,1731.1961063250758,3400.6968186422882
20,1,2.6,0.7958153271915084,1717.6761540604473,3099.004990004497
21,1,2.6,0.8793264517829662,2214.086647526998,3809.7203278602374
22,1,2.6,0.8403454714673894,1660.646643637415,2922.164386769058
23,1,2.6,0.8716968562124089,1707.447220547791,2950.9863991241314
24,1,2.6,0.658492228139278,1722.5293598166172,3344.3041393422363
25,1,2.6,0.7650902512180424,1731.4063918749146,3176.9744675546754
26,1,2.6,0.7597119961362103,1832.7695580250577,3372.823831480254
27,1,2.6,0.6632003199129731,1790.8789056782898,3468.5736915923167
28,1,2.6,0.7563576212003975,1813.0624757879166,3342.6388157739316
29,1,2.6,0.7108592731663195,1742.8585679278929,3292.505101783607
30,1,2.6,0.6989954405553312,1759.1190784750002,3344.093388787079
31,1,2.6,0.7418710844014926,1847.6376785797563,3433.148996118346
32,1,2.6,0.9142376564798224,1837.1940203616655,3097.0724972661383
33,1,2.6,0.8247649545842397,2361.325189010845,4191.9072291550465
34,1,2.6,0.9655131407156115,2366.970025023279,3868.7814022205903
35,1,2.6,0.8436318346732486,2312.313539158168,4061.2738884314394
36,1,2.6,0.7952148913398908,1809.8593506379468,3266.4072048006215
37,1,2.6,0.7256206301728204,1796.9544729550205,3368.174392625563
38,1,2.6,0.748443463186711,2434.8458695296436,4508.2547858604485
39,1,2.6,0.6893727617903623,1963.0493754921554,3750.6556067657307
40,1,2.6,0.6731061697358716,1900.0855763587201,3661.2631740594784
41,1,2.6,0.6636799143106159,1797.6991151888794,3480.920904766261
42,1,2.6,0.8473712671427474,1968.1145999977307,3449.3741975118814
43,1,2.6,0.7486855592999236,1953.497882876712,3616.5388404466835
44,1,2.6,0.6111959784629255,1939.3419574477718,3856.971084107711
45,1,2.6,0.7124675602449084,1948.5757179316008,3677.999878914964
46,1,2.6,0.7441169864122392,1942.7942366082102,3605.5988226173786
47,1,2.6,0.6328758392138975,2013.9939475302303,3961.7761538636946
48,1,2.6,0.6783178730353338,1947.5903097959713,3742.6494889844957
49,1,2.6,0.6679690462287377,1932.6316684296141,3733.9042056446137
50,1,2.6,0.6856202883659823,1950.2076638359902,3733.437985120794
51,1,2.6,0.5322341478743685,2001.8229183377239,4139.301072541222
52,1,2.6,0.6622386073442643,2036.8921484079349,3947.0109661884935
53,1,2.6,0.7061379232180942,2500.0,4734.655191954765
54,1,2.6,0.5883075609066076,2500.0,5029.231097733481
55,1,2.6,0.7703721766712878,2500.0,4574.06955832178
56,1,2.6,0.92149501999896,2500.0,4196.2624500026
57,1,2.6,0.8543809922593019,2500.0,4364.047519351746
58,1,2.6,0.8615843495825597,2500.0,4346.039126043601
59,1,2.6,0.7034249096371654,2500.0,4741.437725907087
60,1,2.6,0.8102720652360693,2500.0,4474.319836909827
61,1,2.6,0.7950198119908334,2500.0,4512.450470022917
62,1,2.6,0.720660989109577,2500.0,4698.3475272260575
63,1,2.6,0.8063403873662297,2500.0,4484.149031584426
64,1,2.6,0.9667658235179438,2500.0,4083.085441205141
65,1,2.6,0.8066380298060585,2500.0,4483.404925484854
66,1,2.6,0.575627686142794,2500.0,5060.930784643015
67,1,2.6,0.6516409946803794,2500.0,4870.897513299052
68,1,2.6,0.7336938422221213,2500.0,4665.7653944446965
69,1,2.6,0.5343878051167057,2500.0,5164.030487208235
70,1,2.6,0.5058993984784482,2500.0,5235.251503803879
71,1,2.6,0.641257987435388,2500.0,4896.85503141153
72,1,2.6,0.605456318627945,2500.0,4986.359203430137
73,1,2.6,0.6529260274742652,2500.0,4867.6849313143375
74,1,2.6,0.5459507863452961,2500.0,5135.123034136759
75,1,2.6,0.6780169518981128,2500.0,4804.957620254719
76,1,2.6,0.7163546632163599,2500.0,4709.113341959101
77,1,2.6,0.7323737225480674,2500.0,4669.065693629831
78,1,2.6,0.6490368419531268,2500.0,4877.407895117183
79,1,2.6,0.8427599581960785,2500.0,4393.100104509804
80,1,2.6,0.8612925231376167,2500.0,4346.768692155958
81,1,2.6,1.1210598957972,2500.0,3697.3502605070003
82,1,2.6,1.1040191376807795,2500.0,3739.9521557980515
83,1,2.6,1.1705776613121224,2500.0,3573.5558467196943
84,1,2.6,1.2641323738586374,2500.0,3339.6690653534065
85,1,2.6,1.353650872055806,2500.0,3115.872819860485
86,1,2.6,1.3971392992021707,2500.0,3007.1517519945733
87,1,2.6,1.388529234020066,2500.0,3028.6769149498355
88,1,2.6,1.551422928782465,2247.533012197485,2356.7115833947632
89,1,2.6,1.5071693575932466,2337.8378287601895,2554.8608162468076
90,1,2.6,1.4130571480007508,2309.9419835851563,2741.7691259493686
91,1,2.6,1.527838414074107,2500.0,2680.4039648147327
92,1,2.6,1.5099157515291315,2500.0,2725.2106211771716
93,1,2.6,1.5761823485676798,2170.0972698318665,2221.783890178952
94,1,2.6,1.5454740267342222,2496.0665935432835,2632.167053892426
95,1,2.6,1.4565942954111304,2491.649097504378,2848.9657919202145
96,1,2.6,1.5305355626412251,2481.6713756298655,2654.059281447371
97,1,2.6,1.5237375370427846,2498.0482858816245,2688.5556007490077
98,1,2.6,1.6485325355487277,2110.4650595709923,2008.0388390430155
99,1,2.6,1.5413192334060417,2500.0,2646.7019164848957
0,2,2.6,1.0,2375.1040626053,3800.16650016848
1,2,1.2697820493137684,0.8697820493137682,3302.0355667922504,1320.8142267169005
2,2,1.347561242856663,0.9475612428566631,3258.1586214682843,1303.2634485873134
3,2,1.2516729827737634,0.8516729827737632,3312.174053142177,1324.8696212568711
4,2,1.236220034566883,0.836220034566883,3320.8019567009974,1328.3207826803991
5,2,1.2793021348676712,0.8793021348676713,3296.6938347791893,1318.6775339116755
6,2,1.3921993641397603,0.9921993641397604,3232.7406486010786,1293.0962594404311
7,2,2.24651479097028,1.0465147909702799,2720.354934396865,3264.4259212762377
8,2,2.268874345847748,1.068874345847748,2706.4820916086774,3247.778509930413
9,2,2.236907224212018,1.0369072242120179,2726.3117402787457,3271.5740883344947
10,2,2.3337350596711657,1.133735059671166,2666.1702232325933,3199.404267879111
11,2,2.4130697831911583,1.2130697831911585,2616.746409152013,3140.0956909824145
12,2,2.2997410617908107,1.0997410617908105,2687.31015539265,3224.7721864711802
13,2,2.315595030898482,1.1155950308984819,2677.454173268804,3212.9450079225653
14,2,2.277421241498649,1.077421241498649,2701.1757930218428,3241.410951626211
15,2,2.3220743591016433,1.1220743591016435,2673.4245367390236,3208.1094440868274
16,2,1.3773631118593348,0.9773631118593348,3241.207491511921,1296.4829966047685
17,2,1.5072859416379414,1.1072859416379413,3166.4499083160536,1266.5799633264219
18,2,1.4733826340478848,1.073382634047885,3186.088797504099,1274.4355190016395
19,2,1.3287768486090394,0.9287768486090394,3268.803893674925,1307.52155746997
20,2,1.304841285861737,0.904841285861737,3282.3238459395534,1312.9295383758217
21,2,2.1405283917766877,0.9405283917766879,2785.913352473002,3343.0960229676016
22,2,1.202859777021057,0.802859777021057,3339.3533563625847,1335.7413425450336
23,2,1.2866724338104953,0.8866724338104952,3292.5527794522095,1317.0211117808842
24,2,1.3134435800448787,0.9134435800448788,3277.4706401833832,1310.988256073353
25,2,1.3291484367894133,0.9291484367894133,3268.5936081250857,1307.4374432500344
26,2,1.5059414281474015,1.1059414281474016,3167.230441974942,1266.8921767899765
27,2,1.4334188216938264,1.0334188216938263,3209.12109432171,1283.6484377286845
28,2,1.4719139183044128,1.0719139183044126,3186.9375242120836,1274.7750096848338
29,2,1.3493533419276877,0.9493533419276878,3257.141432072107,1302.8565728288424
30,2,1.377935955887942,0.9779359558879421,3240.8809215249994,1296.3523686099995
31,2,1.5315115550875413,1.1315115550875414,3152.362321420244,1260.9449285680973
32,2,1.5135596337592814,1.1135596337592815,3162.805979638335,1265.1223918553337
33,2,2.3778923132281857,1.177892313228186,2638.674810989155,3166.409773186985
34,2,2.3869508039183605,1.1869508039183605,2633.029974976721,3159.635969972065
35,2,2.2991355672254854,1.0991355672254854,2687.686460841832,3225.223753010198
36,2,1.4663682577892896,1.0663682577892895,3190.1406493620525,1276.0562597448213
37,2,1.4439823761012396,1.0439823761012395,3203.0455270449793,1281.218210817992
38,2,2.4957297798546314,1.2957297798546314,2565.1541304703564,3078.1849565644275
39,2,1.7272902802136656,1.3272902802136655,3036.9506245078446,1214.7802498031383
40,2,1.6210488390277091,1.2210488390277092,3099.9144236412803,1239.965769456512
41,2,1.4452759998920461,1.045275999892046,3202.3008848111213,1280.9203539244488
42,2,1.7357827168160869,1.3357827168160867,3031.8854000022693,1212.754160000908
43,2,1.711254932221876,1.3112549322218758,3046.502117123288,1218.6008468493155
44,2,1.6874375578244094,1.2874375578244093,3060.6580425522284,1224.2632170208917
45,2,1.7029804905912558,1.3029804905912559,3051.4242820683994,1220.5697128273596
46,2,1.6932518307499071,1.293251830749907,3057.20576339179,1222.8823053567164
47,2,1.8123661260587935,1.4123661260587936,2986.006052469769,1194.4024209879074
48,2,1.701323057617346,1.3013230576173458,3052.4096902040287,1220.963876081612
49,2,1.6761253197966575,1.2761253197966573,3067.368331570386,1226.9473326281548
50,2,1.7057247187653672,1.3057247187653673,3049.79233616401,1219.9169344656038
51,2,1.7921075201351861,1.3921075201351862,2998.177081662276,1199.2708326649101
52,2,1.8503730443339568,1.4503730443339569,2963.1078515920644,1185.2431406368255
53,2,2.6,1.5331718620136627,2500.0,2667.0703449658436
54,2,2.6,1.6114068962554289,2500.0,2471.482759361428
55,2,2.6,1.6844843653692934,2500.0,2288.7890865767667
56,2,2.6,1.748237746459063,2500.0,2129.405633852343
57,2,2.6,1.7794386936141875,2500.0,2051.4032659645313
58,2,2.6,1.8208277221514568,2500.0,1947.930694621358
59,2,2.6,1.9684226269568077,2500.0,1578.9434326079809
60,2,2.6,1.9917104289705245,2500.0,1520.7239275736888
61,2,2.6,2.030049815405874,2500.0,1424.8754614853153
62,2,2.6,1.947824813676842,2500.0,1630.4379658078954
63,2,2.6,2.032006820365848,2500.0,1419.98294908538
64,2,2.6,1.9862368772701655,2500.0,1534.4078068245865
65,2,2.6,1.906823248267623,2500.0,1732.9418793309426
66,2,2.6,1.9122586068066614,2500.0,1719.3534829833468
67,2,2.6,1.9351797442181682,2500.0,1662.0506394545798
68,2,2.6,1.8958056269957109,2500.0,1760.4859325107232
69,2,2.6,1.7661583941882348,2500.0,2084.6040145294132
70,2,2.6,1.7859374023824202,2500.0,2035.1564940439498
71,2,2.6,1.795150068225831,2500.0,2012.1248294354227
72,2,2.6,1.875508570163691,2500.0,1811.2285745907725
73,2,2.6,1.8623999050949185,2500.0,1844.000237262704
74,2,2.6,1.796971577426163,2500.0,2007.5710564345927
75,2,2.6,1.762692962339725,2500.0,2093.2675941506877
76,2,2.6,1.7495792093193905,2500.0,2126.051976701524
77,2,2.6,1.857203225066029,2500.0,1856.9919373349276
78,2,2.6,1.698246475735132,2500.0,2254.38381066217
79,2,2.6,1.808845812725862,2500.0,1977.8854681853452
80,2,2.6,1.8707629244234014,2500.0,1823.0926889414966
81,2,2.6,1.893070898685929,2500.0,1767.3227532851777
82,2,2.6,1.815122659013387,2500.0,1962.1933524665326
83,2,2.6,1.923651359457978,2500.0,1690.8716013550552
84,2,2.6,1.7405107510364657,2500.0,2148.723122408836
85,2,2.6,1.6685627277079866,2500.0,2328.5931807300335
86,2,2.6,1.6126054991030376,2500.0,2468.486252242406
87,2,2.6,1.6916861112720456,2500.0,2270.7847218198863
88,2,2.194671159306904,1.5946711593069043,2752.4669878025156,1651.480192681509
89,2,2.340175716933975,1.7401757169339753,2662.162171239811,1597.2973027438861
90,2,2.2953192961311397,1.6953192961311399,2690.0580164148437,1614.0348098489058
91,2,2.6,1.4558932656410928,2500.0,2860.2668358972683
92,2,2.6,1.4305555087462913,2500.0,2923.611228134272
93,2,2.0690593025119015,1.4690593025119014,2829.902730168134,1697.9416381008807
94,2,2.5937065444761638,1.3937065444761636,2503.9334064567165,3004.7200877480605
95,2,2.5866385063109565,1.3866385063109565,2508.350902495622,3010.0210829947464
96,2,2.570673675568755,1.3706736755687547,2518.3286243701345,3021.994349244162
97,2,2.596877256776193,1.396877256776193,2501.9517141183755,3002.3420569420505
98,2,1.9716255233458964,1.3716255233458965,2889.5349404290077,1733.7209642574044
99,2,2.6,1.4430651716089624,2500.0,2892.337070977594
